// Jest Snapshot v1, https://goo.gl/fbAQLP

exports[`renders correctly 1`] = `
<div>
  <div>
    <div>
      Photos
       :
      <input
        name="Photos"
        onClick={[Function]}
        type="radio"
        value="Yes"
      />
      <label>
        Yes
      </label>
      <input
        name="Photos"
        onClick={[Function]}
        type="radio"
        value="No"
      />
      <label>
        No
      </label>
      <input
        name="Photos"
        onClick={[Function]}
        type="radio"
        value="Reset"
      />
      <label>
        Reset
      </label>
    </div>
    <div>
      Contacts
       :
      <input
        name="Contacts"
        onClick={[Function]}
        type="radio"
        value="Yes"
      />
      <label>
        Yes
      </label>
      <input
        name="Contacts"
        onClick={[Function]}
        type="radio"
        value="No"
      />
      <label>
        No
      </label>
      <input
        name="Contacts"
        onClick={[Function]}
        type="radio"
        value="Reset"
      />
      <label>
        Reset
      </label>
    </div>
    <div>
      Favourite
       :
      <input
        name="Favourite"
        onClick={[Function]}
        type="radio"
        value="Yes"
      />
      <label>
        Yes
      </label>
      <input
        name="Favourite"
        onClick={[Function]}
        type="radio"
        value="No"
      />
      <label>
        No
      </label>
      <input
        name="Favourite"
        onClick={[Function]}
        type="radio"
        value="Reset"
      />
      <label>
        Reset
      </label>
    </div>
    <div>
      Compatibility :  0 
      <input
        defaultValue={100}
        max="100"
        min="0"
        name="compatibility"
        onChange={[Function]}
        step="10"
        type="range"
      />
       100
      <span>
         Value : 
        100
      </span>
    </div>
    <div>
      Age : 18 
      <input
        defaultValue={95}
        max="95"
        min="18"
        name="age"
        onChange={[Function]}
        step="1"
        type="range"
      />
       95
      <span>
         Value : 
        95
      </span>
    </div>
    <div>
      Height : 130cm 
      <input
        defaultValue={210}
        max="210"
        min="130"
        name="height"
        onChange={[Function]}
        step="10"
        type="range"
      />
       210cm
      <span>
         Value : 
        210
      </span>
    </div>
  </div>
  <div />
</div>
`;
